鐢熸垚鍚姩鏃堕棿涓?2026/1/17 15:20:46銆?
     1>椤圭洰鈥淒:\projects\WinMachine\tests\Machine.Framework.Tests\Machine.Framework.Tests.csproj鈥濆湪鑺傜偣 1 涓?Restore 涓洰鏍?銆?
     1>_GetAllRestoreProjectPathItems:
         姝ｅ湪纭畾瑕佽繕鍘熺殑椤圭洰鈥?
     1>椤圭洰鈥淒:\projects\WinMachine\tests\Machine.Framework.Tests\Machine.Framework.Tests.csproj鈥?1)姝ｅ湪鑺傜偣 1 涓婄敓鎴愨€淒:\projects\WinMachine\Machine.Framework\Machine.Framework.csproj鈥?2:4) (_GenerateProjectRestoreGraph 涓洰鏍?銆?
     2>AddPrunePackageReferences:
         Loading prune package data from PrunePackageData folder
         Failed to load prune package data from PrunePackageData folder, loading from targeting packs instead
         Looking for targeting packs in C:\Program Files\dotnet\packs\Microsoft.NETCore.App.Ref
         Pack directories found: C:\Program Files\dotnet\packs\Microsoft.NETCore.App.Ref\10.0.2
         Found package overrides file C:\Program Files\dotnet\packs\Microsoft.NETCore.App.Ref\10.0.2\data\PackageOverrides.txt
         Loading prune package data from PrunePackageData folder
         Failed to load prune package data from PrunePackageData folder, loading from targeting packs instead
         Looking for targeting packs in C:\Program Files\dotnet\packs\Microsoft.WindowsDesktop.App.Ref
         Pack directories found: C:\Program Files\dotnet\packs\Microsoft.WindowsDesktop.App.Ref\10.0.2
         Found package overrides file C:\Program Files\dotnet\packs\Microsoft.WindowsDesktop.App.Ref\10.0.2\data\PackageOverrides.txt
     2>宸插畬鎴愮敓鎴愰」鐩€淒:\projects\WinMachine\Machine.Framework\Machine.Framework.csproj鈥?_GenerateProjectRestoreGraph 涓洰鏍?鐨勬搷浣溿€?
     1>椤圭洰鈥淒:\projects\WinMachine\tests\Machine.Framework.Tests\Machine.Framework.Tests.csproj鈥?1)姝ｅ湪鑺傜偣 1 涓婄敓鎴愨€淒:\projects\WinMachine\tests\Machine.Framework.Tests\Machine.Framework.Tests.csproj鈥?1:6) (_GenerateProjectRestoreGraph 涓洰鏍?銆?
     1>AddPrunePackageReferences:
         Loading prune package data from PrunePackageData folder
         Failed to load prune package data from PrunePackageData folder, loading from targeting packs instead
         Looking for targeting packs in C:\Program Files\dotnet\packs\Microsoft.NETCore.App.Ref
         Pack directories found: C:\Program Files\dotnet\packs\Microsoft.NETCore.App.Ref\10.0.2
         Found package overrides file C:\Program Files\dotnet\packs\Microsoft.NETCore.App.Ref\10.0.2\data\PackageOverrides.txt
     1>宸插畬鎴愮敓鎴愰」鐩€淒:\projects\WinMachine\tests\Machine.Framework.Tests\Machine.Framework.Tests.csproj鈥?_GenerateProjectRestoreGraph 涓洰鏍?鐨勬搷浣溿€?
     1>Restore:
         X.509 璇佷功閾鹃獙璇佸皢浣跨敤 .NET 閫夋嫨鐨勯粯璁や俊浠诲瓨鍌ㄨ繘琛屼唬鐮佺鍚嶃€?
         X.509 璇佷功閾鹃獙璇佸皢浣跨敤 .NET 閫夋嫨鐨勯粯璁や俊浠诲瓨鍌ㄨ繘琛屾椂闂存埑銆?
         璧勪骇鏂囦欢鏈敼鍙樸€傝烦杩囪祫浜ф枃浠跺啓鍏ャ€傝矾寰? D:\projects\WinMachine\Machine.Framework\obj\project.assets.json
         璧勪骇鏂囦欢鏈敼鍙樸€傝烦杩囪祫浜ф枃浠跺啓鍏ャ€傝矾寰? D:\projects\WinMachine\tests\Machine.Framework.Tests\obj\project.assets.json
         宸茶繕鍘?D:\projects\WinMachine\Machine.Framework\Machine.Framework.csproj (鐢ㄦ椂 41 姣)銆?
         宸茶繕鍘?D:\projects\WinMachine\tests\Machine.Framework.Tests\Machine.Framework.Tests.csproj (鐢ㄦ椂 41 姣)銆?
         
         浣跨敤鐨?NuGet 閰嶇疆鏂囦欢:
             C:\Users\huang\AppData\Roaming\NuGet\NuGet.Config
             C:\Program Files (x86)\NuGet\Config\Microsoft.VisualStudio.FallbackLocation.config
             C:\Program Files (x86)\NuGet\Config\Microsoft.VisualStudio.Offline.config
         
         浣跨敤鐨勬簮:
             https://api.nuget.org/v3/index.json
             C:\Program Files (x86)\Microsoft SDKs\NuGetPackages\
         鎵€鏈夐」鐩潎鏄渶鏂扮殑锛屾棤娉曡繕鍘熴€?
     1>宸插畬鎴愮敓鎴愰」鐩€淒:\projects\WinMachine\tests\Machine.Framework.Tests\Machine.Framework.Tests.csproj鈥?Restore 涓洰鏍?鐨勬搷浣溿€?
   1:7>椤圭洰鈥淒:\projects\WinMachine\tests\Machine.Framework.Tests\Machine.Framework.Tests.csproj鈥濆湪鑺傜偣 1 涓?VSTest 涓洰鏍?銆?
     1>BuildProject:
         宸插紑濮嬬敓鎴愶紝璇风瓑寰?..
   1:7>椤圭洰鈥淒:\projects\WinMachine\tests\Machine.Framework.Tests\Machine.Framework.Tests.csproj鈥?1:7)姝ｅ湪鑺傜偣 1 涓婄敓鎴愨€淒:\projects\WinMachine\tests\Machine.Framework.Tests\Machine.Framework.Tests.csproj鈥?1:8) (榛樿鐩爣)銆?
   1:8>椤圭洰鈥淒:\projects\WinMachine\tests\Machine.Framework.Tests\Machine.Framework.Tests.csproj鈥?1:8)姝ｅ湪鑺傜偣 1 涓婄敓鎴愨€淒:\projects\WinMachine\Machine.Framework\Machine.Framework.csproj鈥?2:6) (榛樿鐩爣)銆?
     2>GenerateTargetFrameworkMonikerAttribute:
       姝ｅ湪璺宠繃鐩爣鈥淕enerateTargetFrameworkMonikerAttribute鈥濓紝鍥犱负鎵€鏈夎緭鍑烘枃浠剁浉瀵逛簬杈撳叆鏂囦欢鑰岃█閮芥槸鏈€鏂扮殑銆?
       CoreGenerateAssemblyInfo:
       姝ｅ湪璺宠繃鐩爣鈥淐oreGenerateAssemblyInfo鈥濓紝鍥犱负鎵€鏈夎緭鍑烘枃浠剁浉瀵逛簬杈撳叆鏂囦欢鑰岃█閮芥槸鏈€鏂扮殑銆?
       _GenerateSourceLinkFile:
         Source Link 鏂囦欢 "obj\Debug\net10.0-windows\Machine.Framework.sourcelink.json" 鏄渶鏂扮殑銆?
       CoreCompile:
       姝ｅ湪璺宠繃鐩爣鈥淐oreCompile鈥濓紝鍥犱负鎵€鏈夎緭鍑烘枃浠剁浉瀵逛簬杈撳叆鏂囦欢鑰岃█閮芥槸鏈€鏂扮殑銆?
       _CopyOutOfDateSourceItemsToOutputDirectory:
       姝ｅ湪璺宠繃鐩爣鈥淿CopyOutOfDateSourceItemsToOutputDirectory鈥濓紝鍥犱负鎵€鏈夎緭鍑烘枃浠剁浉瀵逛簬杈撳叆鏂囦欢鑰岃█閮芥槸鏈€鏂扮殑銆?
       GenerateBuildDependencyFile:
       姝ｅ湪璺宠繃鐩爣鈥淕enerateBuildDependencyFile鈥濓紝鍥犱负鎵€鏈夎緭鍑烘枃浠剁浉瀵逛簬杈撳叆鏂囦欢鑰岃█閮芥槸鏈€鏂扮殑銆?
       CopyFilesToOutputDirectory:
         Machine.Framework -> D:\projects\WinMachine\Machine.Framework\bin\Debug\net10.0-windows\Machine.Framework.dll
     2>宸插畬鎴愮敓鎴愰」鐩€淒:\projects\WinMachine\Machine.Framework\Machine.Framework.csproj鈥?榛樿鐩爣)鐨勬搷浣溿€?
     1>GenerateTargetFrameworkMonikerAttribute:
       姝ｅ湪璺宠繃鐩爣鈥淕enerateTargetFrameworkMonikerAttribute鈥濓紝鍥犱负鎵€鏈夎緭鍑烘枃浠剁浉瀵逛簬杈撳叆鏂囦欢鑰岃█閮芥槸鏈€鏂扮殑銆?
       CoreGenerateAssemblyInfo:
       姝ｅ湪璺宠繃鐩爣鈥淐oreGenerateAssemblyInfo鈥濓紝鍥犱负鎵€鏈夎緭鍑烘枃浠剁浉瀵逛簬杈撳叆鏂囦欢鑰岃█閮芥槸鏈€鏂扮殑銆?
       _GenerateSourceLinkFile:
         Source Link 鏂囦欢 "obj\Debug\net10.0-windows\Machine.Framework.Tests.sourcelink.json" 鏄渶鏂扮殑銆?
       CoreCompile:
       姝ｅ湪璺宠繃鐩爣鈥淐oreCompile鈥濓紝鍥犱负鎵€鏈夎緭鍑烘枃浠剁浉瀵逛簬杈撳叆鏂囦欢鑰岃█閮芥槸鏈€鏂扮殑銆?
       _CopyOutOfDateSourceItemsToOutputDirectory:
       姝ｅ湪璺宠繃鐩爣鈥淿CopyOutOfDateSourceItemsToOutputDirectory鈥濓紝鍥犱负鎵€鏈夎緭鍑烘枃浠剁浉瀵逛簬杈撳叆鏂囦欢鑰岃█閮芥槸鏈€鏂扮殑銆?
       GenerateBuildDependencyFile:
       姝ｅ湪璺宠繃鐩爣鈥淕enerateBuildDependencyFile鈥濓紝鍥犱负鎵€鏈夎緭鍑烘枃浠剁浉瀵逛簬杈撳叆鏂囦欢鑰岃█閮芥槸鏈€鏂扮殑銆?
       GenerateBuildRuntimeConfigurationFiles:
       姝ｅ湪璺宠繃鐩爣鈥淕enerateBuildRuntimeConfigurationFiles鈥濓紝鍥犱负鎵€鏈夎緭鍑烘枃浠剁浉瀵逛簬杈撳叆鏂囦欢鑰岃█閮芥槸鏈€鏂扮殑銆?
       CopyFilesToOutputDirectory:
         Machine.Framework.Tests -> D:\projects\WinMachine\tests\Machine.Framework.Tests\bin\Debug\net10.0-windows\Machine.Framework.Tests.dll
     1>宸插畬鎴愮敓鎴愰」鐩€淒:\projects\WinMachine\tests\Machine.Framework.Tests\Machine.Framework.Tests.csproj鈥?榛樿鐩爣)鐨勬搷浣溿€?
     1>BuildProject:
         瀹屾垚鐨勭敓鎴愩€?
         
D:\projects\WinMachine\tests\Machine.Framework.Tests\bin\Debug\net10.0-windows\Machine.Framework.Tests.dll (.NETCoreApp,Version=v10.0)鐨勬祴璇曡繍琛?
VSTest 鐗堟湰 18.0.1 (x64)

姝ｅ湪鍚姩娴嬭瘯鎵ц锛岃绋嶅€?..
鎬诲叡 1 涓祴璇曟枃浠朵笌鎸囧畾妯″紡鐩稿尮閰嶃€?
[xUnit.net 00:00:00.00] xUnit.net VSTest Adapter v2.5.4.1+b9eacec401 (64-bit .NET 10.0.2)
[xUnit.net 00:00:00.04]   Discovering: Machine.Framework.Tests
[xUnit.net 00:00:00.06]   Discovered:  Machine.Framework.Tests
[xUnit.net 00:00:00.06]   Starting:    Machine.Framework.Tests
Axis Detailed Config DSL execution successful.
Machine Configuration DSL execution successful.
[Step: Sequence] Starting...
  [Step: Sequence] Starting...
    [Step: 锟斤拷始锟斤拷锟斤拷] Starting...
      -> EXEC: NoOp on Device 'System'
    [Step: 锟斤拷始锟斤拷锟斤拷] Finished. Result: Machine.Framework.Core.Flow.Dsl.Unit
    [Step: Unnamed] Starting...
      -> EXEC: ReadAnalog on Device 'Pressure1'
         MOCK RETURN: 55.5
    [Step: Unnamed] Finished. Result: 55.5
  [Step: Sequence] Finished. Result: 55.5
[Step: Sequence] Finished. Result: void
[xUnit.net 00:00:00.25]       System.InvalidCastException : Unable to cast object of type 'System.Double' to type '<>f__AnonymousType5`2[Machine.Framework.Core.Flow.Dsl.Unit,System.Double]'.
[xUnit.net 00:00:00.25]       Stack Trace:
[xUnit.net 00:00:00.25]         D:\projects\WinMachine\Machine.Framework\Core\Flow\Dsl\FlowDslCore.cs(176,0): at Machine.Framework.Core.Flow.Dsl.StepExtensions.<>c__DisplayClass3_0`3.<SelectMany>b__0(Object obj)
[xUnit.net 00:00:00.25]         D:\projects\WinMachine\Machine.Framework\Interpreters\Flow\SimpleLogInterpreter.cs(90,0): at Machine.Framework.Interpreters.Flow.SimpleLogInterpreter.ExecuteSequenceAsync(SequenceStepDesc sequence)
[xUnit.net 00:00:00.25]         D:\projects\WinMachine\Machine.Framework\Interpreters\Flow\SimpleLogInterpreter.cs(38,0): at Machine.Framework.Interpreters.Flow.SimpleLogInterpreter.RunAsync(StepDesc definition)
[xUnit.net 00:00:00.25]         D:\projects\WinMachine\tests\Machine.Framework.Tests\FlowDslTests.cs(145,0): at Machine.Framework.Tests.FlowDslTests.Test_SimpleLogInterpreter_Execution()
[xUnit.net 00:00:00.25]         --- End of stack trace from previous location ---
[xUnit.net 00:00:00.25]   Finished:    Machine.Framework.Tests
  宸查€氳繃 Machine.Framework.Tests.FlowDslTests.Test_Flow_With_Data_Dependency [5 ms]
  宸查€氳繃 Machine.Framework.Tests.AxisConfigDslTests.Prototype_Axis_Detailed_Configuration [9 ms]
  宸查€氳繃 Machine.Framework.Tests.HardwareConfigDslPrototypeTests.Prototype_Machine_Hardware_Configuration_DSL [15 ms]
  宸查€氳繃 Machine.Framework.Tests.FlowDslTests.Test_Step_Policies_Are_Applied_To_Definitions [7 ms]
  宸查€氳繃 Machine.Framework.Tests.AxisConfigDslTests.Verify_DSL_Serialization [73 ms]
  宸查€氳繃 Machine.Framework.Tests.AxisConfigDslTests.User_Scenario_RealWorld_Axis_Init [5 ms]
  澶辫触 Machine.Framework.Tests.FlowDslTests.Test_SimpleLogInterpreter_Execution [131 ms]
  閿欒娑堟伅:
   System.InvalidCastException : Unable to cast object of type 'System.Double' to type '<>f__AnonymousType5`2[Machine.Framework.Core.Flow.Dsl.Unit,System.Double]'.
  鍫嗘爤璺熻釜:
     at Machine.Framework.Core.Flow.Dsl.StepExtensions.<>c__DisplayClass3_0`3.<SelectMany>b__0(Object obj) in D:\projects\WinMachine\Machine.Framework\Core\Flow\Dsl\FlowDslCore.cs:line 176
   at Machine.Framework.Interpreters.Flow.SimpleLogInterpreter.ExecuteSequenceAsync(SequenceStepDesc sequence) in D:\projects\WinMachine\Machine.Framework\Interpreters\Flow\SimpleLogInterpreter.cs:line 90
   at Machine.Framework.Interpreters.Flow.SimpleLogInterpreter.RunAsync(StepDesc definition) in D:\projects\WinMachine\Machine.Framework\Interpreters\Flow\SimpleLogInterpreter.cs:line 38
   at Machine.Framework.Tests.FlowDslTests.Test_SimpleLogInterpreter_Execution() in D:\projects\WinMachine\tests\Machine.Framework.Tests\FlowDslTests.cs:line 145
--- End of stack trace from previous location ---
  宸查€氳繃 Machine.Framework.Tests.FlowDslTests.Test_DefineFlow_With_NestedResilience [< 1 ms]

娴嬭瘯鎬绘暟: 8
     閫氳繃鏁? 7
     澶辫触鏁? 1
鎬绘椂闂? 0.6425 绉?
       _VSTestConsole:
         MSB4181: 鈥淰STestTask鈥濅换鍔¤繑鍥炰簡 false锛屼絾鏈褰曢敊璇€?
     1>宸插畬鎴愮敓鎴愰」鐩€淒:\projects\WinMachine\tests\Machine.Framework.Tests\Machine.Framework.Tests.csproj鈥?VSTest 涓洰鏍?鐨勬搷浣?- 澶辫触銆?

鐢熸垚澶辫触銆?
    0 涓鍛?
    0 涓敊璇?

宸茬敤鏃堕棿 00:00:01.76
